I'm sorry, but errors were detected in your script. Please correct the
errors listed below, and try again.


File "game/script.rpy", line 75: expected statement.
    k Ало, привет!
         ^

Ren'Py Version: Ren'Py 8.0.3.22090809
Fri Feb 10 12:08:51 2023
